Device: mps

Loading 64-cubed conditional data from data/brats_conditional_64.pt...
  Real subset (10%): 18 volumes  |  Test: 60 volumes

Loading 64-cubed teacher from results/paper4/paper4/e7_teacher/teacher_best.pt...
BasicUNet features: (32, 64, 128, 256, 32, 32).

[Step 1] Loading cached Shortcut@50 pool from syn_pool_shortcut_50_64.pt
  500 volumes, feat shape (500, 4096)

[Step 2] Building diversity conditions from feature centrality...
  unique_500: 500 total, 500 unique, L1 div = 0.0372
  unique_100: 500 total, 100 unique, L1 div = 0.0355
  unique_25: 500 total, 25 unique, L1 div = 0.0325
  unique_10: 500 total, 10 unique, L1 div = 0.0354

========================================
  UNIQUE_500
========================================
    Pseudo-labelling 500 synthetic volumes...
  Seed 42:
BasicUNet features: (32, 64, 128, 256, 32, 32).
tier_c/e10a_64_5seed/e10a_64_5seed.py:351: UserWarning: Converting a tensor with requires_grad=True to a scalar may lead to unexpected behavior.
Consider using tensor.detach() first. (Triggered internally at /Users/runner/work/pytorch/pytorch/torch/csrc/autograd/generated/python_variable_methods.cpp:839.)
  print(f"      iter {it:>5}/{max_iters} loss={float(loss):.4f} "
      iter     1/2000 loss=1.7249 (lr=3.27e-05, skipped_nan=0, 1s)
      iter   500/2000 loss=0.5353 (lr=2.68e-04, skipped_nan=0, 381s)
      iter  1000/2000 loss=0.3222 (lr=1.62e-04, skipped_nan=0, 754s)
      iter  1500/2000 loss=0.1709 (lr=4.84e-05, skipped_nan=0, 1145s)
      iter  2000/2000 loss=0.1442 (lr=0.00e+00, skipped_nan=0, 1543s)
      → Dice 0.7920  CI95=[0.7571, 0.8249]  (1550s = 0.43h) [ok]
    Checkpoint saved to e10a_64_5seed_results_partial.json
  Seed 43:
BasicUNet features: (32, 64, 128, 256, 32, 32).
      iter     1/2000 loss=1.1973 (lr=3.27e-05, skipped_nan=0, 1s)
      iter   500/2000 loss=0.2677 (lr=2.68e-04, skipped_nan=0, 401s)
      iter  1000/2000 loss=0.1767 (lr=1.62e-04, skipped_nan=0, 804s)
      iter  1500/2000 loss=0.1423 (lr=4.84e-05, skipped_nan=0, 1207s)
      iter  2000/2000 loss=0.1802 (lr=0.00e+00, skipped_nan=0, 1611s)
      → Dice 0.7899  CI95=[0.7529, 0.8236]  (1618s = 0.45h) [ok]
    Checkpoint saved to e10a_64_5seed_results_partial.json
  Seed 44:
BasicUNet features: (32, 64, 128, 256, 32, 32).
      iter     1/2000 loss=1.2353 (lr=3.27e-05, skipped_nan=0, 1s)
      iter   500/2000 loss=0.4101 (lr=2.68e-04, skipped_nan=0, 406s)
      iter  1000/2000 loss=0.1813 (lr=1.62e-04, skipped_nan=0, 811s)
      iter  1500/2000 loss=0.0684 (lr=4.84e-05, skipped_nan=0, 1218s)
      iter  2000/2000 loss=0.1562 (lr=0.00e+00, skipped_nan=0, 1624s)
      → Dice 0.7901  CI95=[0.7532, 0.8238]  (1632s = 0.45h) [ok]
    Checkpoint saved to e10a_64_5seed_results_partial.json
  Seed 45:
BasicUNet features: (32, 64, 128, 256, 32, 32).
      iter     1/2000 loss=1.4058 (lr=3.27e-05, skipped_nan=0, 1s)
      iter   500/2000 loss=0.4721 (lr=2.68e-04, skipped_nan=0, 408s)
      iter  1000/2000 loss=0.3505 (lr=1.62e-04, skipped_nan=0, 816s)
      iter  1500/2000 loss=0.1387 (lr=4.84e-05, skipped_nan=0, 1223s)
      iter  2000/2000 loss=0.1202 (lr=0.00e+00, skipped_nan=0, 1601s)
      → Dice 0.7939  CI95=[0.7596, 0.8261]  (1607s = 0.45h) [ok]
    Checkpoint saved to e10a_64_5seed_results_partial.json
  Seed 46:
BasicUNet features: (32, 64, 128, 256, 32, 32).
      iter     1/2000 loss=1.3295 (lr=3.27e-05, skipped_nan=0, 1s)
      iter   500/2000 loss=0.4689 (lr=2.68e-04, skipped_nan=0, 378s)
      iter  1000/2000 loss=0.3449 (lr=1.62e-04, skipped_nan=0, 756s)
      iter  1500/2000 loss=0.2519 (lr=4.84e-05, skipped_nan=0, 1134s)
      iter  2000/2000 loss=0.1009 (lr=0.00e+00, skipped_nan=0, 1512s)
      → Dice 0.7957  CI95=[0.7584, 0.8296]  (1519s = 0.42h) [ok]
    Checkpoint saved to e10a_64_5seed_results_partial.json
  → unique_500: 0.7923 ± 0.0025 (n = 5)

========================================
  UNIQUE_100
========================================
    Pseudo-labelling 500 synthetic volumes...
  Seed 42:
BasicUNet features: (32, 64, 128, 256, 32, 32).
      iter     1/2000 loss=1.7142 (lr=3.27e-05, skipped_nan=0, 1s)
      iter   500/2000 loss=0.5192 (lr=2.68e-04, skipped_nan=0, 378s)
      iter  1000/2000 loss=0.2146 (lr=1.62e-04, skipped_nan=0, 756s)
      iter  1500/2000 loss=0.1282 (lr=4.84e-05, skipped_nan=0, 1135s)
      iter  2000/2000 loss=0.1229 (lr=0.00e+00, skipped_nan=0, 1516s)
      → Dice 0.7898  CI95=[0.7530, 0.8240]  (1523s = 0.42h) [ok]
    Checkpoint saved to e10a_64_5seed_results_partial.json
  Seed 43:
BasicUNet features: (32, 64, 128, 256, 32, 32).
      iter     1/2000 loss=1.1924 (lr=3.27e-05, skipped_nan=0, 1s)
      iter   500/2000 loss=0.3296 (lr=2.68e-04, skipped_nan=0, 416s)
      iter  1000/2000 loss=0.1015 (lr=1.62e-04, skipped_nan=0, 795s)
      iter  1500/2000 loss=0.1071 (lr=4.84e-05, skipped_nan=0, 1174s)
      iter  2000/2000 loss=0.1218 (lr=0.00e+00, skipped_nan=0, 1553s)
      → Dice 0.7818  CI95=[0.7396, 0.8186]  (1559s = 0.43h) [ok]
    Checkpoint saved to e10a_64_5seed_results_partial.json
  Seed 44:
BasicUNet features: (32, 64, 128, 256, 32, 32).
      iter     1/2000 loss=1.2410 (lr=3.27e-05, skipped_nan=0, 1s)
      iter   500/2000 loss=0.4330 (lr=2.68e-04, skipped_nan=0, 380s)
      iter  1000/2000 loss=0.3098 (lr=1.62e-04, skipped_nan=0, 763s)
      iter  1500/2000 loss=0.1176 (lr=4.84e-05, skipped_nan=0, 1144s)
      iter  2000/2000 loss=0.0967 (lr=0.00e+00, skipped_nan=0, 1524s)
      → Dice 0.7875  CI95=[0.7461, 0.8231]  (1530s = 0.43h) [ok]
    Checkpoint saved to e10a_64_5seed_results_partial.json
  Seed 45:
BasicUNet features: (32, 64, 128, 256, 32, 32).
      iter     1/2000 loss=1.4137 (lr=3.27e-05, skipped_nan=0, 1s)
      iter   500/2000 loss=0.4903 (lr=2.68e-04, skipped_nan=0, 381s)
      iter  1000/2000 loss=0.2718 (lr=1.62e-04, skipped_nan=0, 761s)
      iter  1500/2000 loss=0.3543 (lr=4.84e-05, skipped_nan=0, 1142s)
      iter  2000/2000 loss=0.2452 (lr=0.00e+00, skipped_nan=0, 1524s)
      → Dice 0.7908  CI95=[0.7504, 0.8257]  (1530s = 0.43h) [ok]
    Checkpoint saved to e10a_64_5seed_results_partial.json
  Seed 46:
BasicUNet features: (32, 64, 128, 256, 32, 32).
      iter     1/2000 loss=1.3320 (lr=3.27e-05, skipped_nan=0, 1s)
      iter   500/2000 loss=0.3539 (lr=2.68e-04, skipped_nan=0, 381s)
      iter  1000/2000 loss=0.1040 (lr=1.62e-04, skipped_nan=0, 762s)
      iter  1500/2000 loss=0.0557 (lr=4.84e-05, skipped_nan=0, 1165s)
      iter  2000/2000 loss=0.0468 (lr=0.00e+00, skipped_nan=0, 1574s)
      → Dice 0.7897  CI95=[0.7516, 0.8248]  (1581s = 0.44h) [ok]
    Checkpoint saved to e10a_64_5seed_results_partial.json
  → unique_100: 0.7879 ± 0.0036 (n = 5)

========================================
  UNIQUE_25
========================================
    Pseudo-labelling 500 synthetic volumes...
  Seed 42:
BasicUNet features: (32, 64, 128, 256, 32, 32).
      iter     1/2000 loss=1.7241 (lr=3.27e-05, skipped_nan=0, 1s)
      iter   500/2000 loss=0.5364 (lr=2.68e-04, skipped_nan=0, 384s)
      iter  1000/2000 loss=0.2435 (lr=1.62e-04, skipped_nan=0, 769s)
      iter  1500/2000 loss=0.3402 (lr=4.84e-05, skipped_nan=0, 1155s)
      iter  2000/2000 loss=0.1725 (lr=0.00e+00, skipped_nan=0, 1543s)
      → Dice 0.7951  CI95=[0.7664, 0.8241]  (1550s = 0.43h) [ok]
    Checkpoint saved to e10a_64_5seed_results_partial.json
  Seed 43:
BasicUNet features: (32, 64, 128, 256, 32, 32).
      iter     1/2000 loss=1.2055 (lr=3.27e-05, skipped_nan=0, 1s)
      iter   500/2000 loss=0.3204 (lr=2.68e-04, skipped_nan=0, 411s)
      iter  1000/2000 loss=0.1317 (lr=1.62e-04, skipped_nan=0, 820s)
      iter  1500/2000 loss=0.0799 (lr=4.84e-05, skipped_nan=0, 1211s)
      iter  2000/2000 loss=0.0918 (lr=0.00e+00, skipped_nan=0, 1602s)
      → Dice 0.7846  CI95=[0.7442, 0.8203]  (1609s = 0.45h) [ok]
    Checkpoint saved to e10a_64_5seed_results_partial.json
  Seed 44:
BasicUNet features: (32, 64, 128, 256, 32, 32).
      iter     1/2000 loss=1.2425 (lr=3.27e-05, skipped_nan=0, 1s)
      iter   500/2000 loss=0.5294 (lr=2.68e-04, skipped_nan=0, 393s)
      iter  1000/2000 loss=0.1658 (lr=1.62e-04, skipped_nan=0, 786s)
      iter  1500/2000 loss=0.1158 (lr=4.84e-05, skipped_nan=0, 1178s)
      iter  2000/2000 loss=0.0761 (lr=0.00e+00, skipped_nan=0, 1573s)
      → Dice 0.7912  CI95=[0.7575, 0.8234]  (1580s = 0.44h) [ok]
    Checkpoint saved to e10a_64_5seed_results_partial.json
  Seed 45:
BasicUNet features: (32, 64, 128, 256, 32, 32).
      iter     1/2000 loss=1.4143 (lr=3.27e-05, skipped_nan=0, 1s)
      iter   500/2000 loss=0.4362 (lr=2.68e-04, skipped_nan=0, 391s)
      iter  1000/2000 loss=0.2514 (lr=1.62e-04, skipped_nan=0, 776s)
      iter  1500/2000 loss=0.2898 (lr=4.84e-05, skipped_nan=0, 1161s)
      iter  2000/2000 loss=0.1612 (lr=0.00e+00, skipped_nan=0, 1543s)
      → Dice 0.7880  CI95=[0.7453, 0.8227]  (1550s = 0.43h) [ok]
    Checkpoint saved to e10a_64_5seed_results_partial.json
  Seed 46:
BasicUNet features: (32, 64, 128, 256, 32, 32).
      iter     1/2000 loss=1.3454 (lr=3.27e-05, skipped_nan=0, 1s)
      iter   500/2000 loss=0.4286 (lr=2.68e-04, skipped_nan=0, 380s)
      iter  1000/2000 loss=0.1557 (lr=1.62e-04, skipped_nan=0, 760s)
      iter  1500/2000 loss=0.0651 (lr=4.84e-05, skipped_nan=0, 1140s)
      iter  2000/2000 loss=0.0549 (lr=0.00e+00, skipped_nan=0, 1529s)
      → Dice 0.7945  CI95=[0.7572, 0.8280]  (1535s = 0.43h) [ok]
    Checkpoint saved to e10a_64_5seed_results_partial.json
  → unique_25: 0.7907 ± 0.0044 (n = 5)

========================================
  UNIQUE_10
========================================
    Pseudo-labelling 500 synthetic volumes...
  Seed 42:
BasicUNet features: (32, 64, 128, 256, 32, 32).
      iter     1/2000 loss=1.7243 (lr=3.27e-05, skipped_nan=0, 1s)
      iter   500/2000 loss=0.5733 (lr=2.68e-04, skipped_nan=0, 366s)
      iter  1000/2000 loss=0.2727 (lr=1.62e-04, skipped_nan=0, 737s)
      iter  1500/2000 loss=0.1984 (lr=4.84e-05, skipped_nan=0, 1107s)
      iter  2000/2000 loss=0.0588 (lr=0.00e+00, skipped_nan=0, 1475s)
      → Dice 0.7891  CI95=[0.7569, 0.8230]  (1481s = 0.41h) [ok]
    Checkpoint saved to e10a_64_5seed_results_partial.json
  Seed 43:
BasicUNet features: (32, 64, 128, 256, 32, 32).
      iter     1/2000 loss=1.1937 (lr=3.27e-05, skipped_nan=0, 1s)
      iter   500/2000 loss=0.3887 (lr=2.68e-04, skipped_nan=0, 372s)
      iter  1000/2000 loss=0.1633 (lr=1.62e-04, skipped_nan=0, 746s)
      iter  1500/2000 loss=0.0748 (lr=4.84e-05, skipped_nan=0, 1120s)
      iter  2000/2000 loss=0.0801 (lr=0.00e+00, skipped_nan=0, 1495s)
      → Dice 0.7726  CI95=[0.7310, 0.8118]  (1501s = 0.42h) [ok]
    Checkpoint saved to e10a_64_5seed_results_partial.json
  Seed 44:
BasicUNet features: (32, 64, 128, 256, 32, 32).
      iter     1/2000 loss=1.2310 (lr=3.27e-05, skipped_nan=0, 1s)
      iter   500/2000 loss=0.2735 (lr=2.68e-04, skipped_nan=0, 375s)
      iter  1000/2000 loss=0.0845 (lr=1.62e-04, skipped_nan=0, 749s)
      iter  1500/2000 loss=0.0436 (lr=4.84e-05, skipped_nan=0, 1117s)
      iter  2000/2000 loss=0.0521 (lr=0.00e+00, skipped_nan=0, 1486s)
      → Dice 0.7830  CI95=[0.7445, 0.8197]  (1492s = 0.41h) [ok]
    Checkpoint saved to e10a_64_5seed_results_partial.json
  Seed 45:
BasicUNet features: (32, 64, 128, 256, 32, 32).
      iter     1/2000 loss=1.3865 (lr=3.27e-05, skipped_nan=0, 1s)
      iter   500/2000 loss=0.5213 (lr=2.68e-04, skipped_nan=0, 369s)
      iter  1000/2000 loss=0.1636 (lr=1.62e-04, skipped_nan=0, 752s)
      iter  1500/2000 loss=0.1965 (lr=4.84e-05, skipped_nan=0, 1141s)
      iter  2000/2000 loss=0.0795 (lr=0.00e+00, skipped_nan=0, 1532s)
      → Dice 0.7727  CI95=[0.7305, 0.8149]  (1539s = 0.43h) [ok]
    Checkpoint saved to e10a_64_5seed_results_partial.json
  Seed 46:
BasicUNet features: (32, 64, 128, 256, 32, 32).
      iter     1/2000 loss=1.3463 (lr=3.27e-05, skipped_nan=0, 1s)
      iter   500/2000 loss=0.3037 (lr=2.68e-04, skipped_nan=0, 392s)
      iter  1000/2000 loss=0.0799 (lr=1.62e-04, skipped_nan=0, 770s)
      iter  1500/2000 loss=0.1326 (lr=4.84e-05, skipped_nan=0, 1144s)
      iter  2000/2000 loss=0.0415 (lr=0.00e+00, skipped_nan=0, 1517s)
      → Dice 0.7921  CI95=[0.7596, 0.8248]  (1524s = 0.42h) [ok]
    Checkpoint saved to e10a_64_5seed_results_partial.json
  → unique_10: 0.7819 ± 0.0091 (n = 5)

========================================
  REAL_ONLY
========================================
  Seed 42:
BasicUNet features: (32, 64, 128, 256, 32, 32).
      iter     1/2000 loss=1.6946 (lr=3.27e-05, skipped_nan=0, 1s)
      iter   500/2000 loss=0.5161 (lr=2.68e-04, skipped_nan=0, 375s)
      iter  1000/2000 loss=0.2910 (lr=1.62e-04, skipped_nan=0, 750s)
      iter  1500/2000 loss=0.1619 (lr=4.84e-05, skipped_nan=0, 1125s)
      iter  2000/2000 loss=0.1852 (lr=0.00e+00, skipped_nan=0, 1498s)
      → Dice 0.7715  CI95=[0.7274, 0.8118]  (1505s = 0.42h) [ok]
    Checkpoint saved to e10a_64_5seed_results_partial.json
  Seed 43:
BasicUNet features: (32, 64, 128, 256, 32, 32).
      iter     1/2000 loss=1.1938 (lr=3.27e-05, skipped_nan=0, 1s)
      iter   500/2000 loss=0.3751 (lr=2.68e-04, skipped_nan=0, 374s)
      iter  1000/2000 loss=0.2120 (lr=1.62e-04, skipped_nan=0, 750s)
      iter  1500/2000 loss=0.0905 (lr=4.84e-05, skipped_nan=0, 1124s)
      iter  2000/2000 loss=0.0831 (lr=0.00e+00, skipped_nan=0, 1498s)
      → Dice 0.7677  CI95=[0.7252, 0.8094]  (1504s = 0.42h) [ok]
    Checkpoint saved to e10a_64_5seed_results_partial.json
  Seed 44:
BasicUNet features: (32, 64, 128, 256, 32, 32).
      iter     1/2000 loss=1.2424 (lr=3.27e-05, skipped_nan=0, 1s)
      iter   500/2000 loss=0.3218 (lr=2.68e-04, skipped_nan=0, 374s)
      iter  1000/2000 loss=0.1459 (lr=1.62e-04, skipped_nan=0, 748s)
      iter  1500/2000 loss=0.0859 (lr=4.84e-05, skipped_nan=0, 1122s)
      iter  2000/2000 loss=0.0857 (lr=0.00e+00, skipped_nan=0, 1499s)
      → Dice 0.7703  CI95=[0.7234, 0.8135]  (1505s = 0.42h) [ok]
    Checkpoint saved to e10a_64_5seed_results_partial.json
  Seed 45:
BasicUNet features: (32, 64, 128, 256, 32, 32).
      iter     1/2000 loss=1.3826 (lr=3.27e-05, skipped_nan=0, 1s)
      iter   500/2000 loss=0.5176 (lr=2.68e-04, skipped_nan=0, 389s)
      iter  1000/2000 loss=0.2321 (lr=1.62e-04, skipped_nan=0, 783s)
      iter  1500/2000 loss=0.1013 (lr=4.84e-05, skipped_nan=0, 1181s)
      iter  2000/2000 loss=0.1469 (lr=0.00e+00, skipped_nan=0, 1579s)
      → Dice 0.7407  CI95=[0.6865, 0.7951]  (1586s = 0.44h) [ok]
    Checkpoint saved to e10a_64_5seed_results_partial.json
  Seed 46:
BasicUNet features: (32, 64, 128, 256, 32, 32).
      iter     1/2000 loss=1.3089 (lr=3.27e-05, skipped_nan=0, 1s)
      iter   500/2000 loss=0.3107 (lr=2.68e-04, skipped_nan=0, 399s)
      iter  1000/2000 loss=0.1408 (lr=1.62e-04, skipped_nan=0, 798s)
      iter  1500/2000 loss=0.0704 (lr=4.84e-05, skipped_nan=0, 1196s)
      iter  2000/2000 loss=0.1038 (lr=0.00e+00, skipped_nan=0, 1591s)
      → Dice 0.7723  CI95=[0.7251, 0.8144]  (1598s = 0.44h) [ok]
    Checkpoint saved to e10a_64_5seed_results_partial.json
  → real_only: 0.7645 ± 0.0134 (n = 5)

========================================
  E10a 64³ 5-seed dose-response — summary
========================================
  condition      n_unique       Dice      ± std    n
  --------------------------------------------------
  real_only             0     0.7645     0.0134    5
  unique_500          500     0.7923     0.0025    5
  unique_100          100     0.7879     0.0036    5
  unique_25            25     0.7907     0.0044    5
  unique_10            10     0.7819     0.0091    5

Paired-t tests (uncorrected p; * Bonferroni-significant at α=0.05, k = 8)
    unique_25 vs unique_10        Δ=+0.0088  t=-3.898  p=0.01758  p_bonf=0.14062
    unique_100 vs unique_25       Δ=-0.0027  t=+1.861  p=0.13617  p_bonf=1.00000
    unique_500 vs unique_100      Δ=+0.0044  t=-3.830  p=0.01862  p_bonf=0.14897
    unique_500 vs unique_10 (extremes)  Δ=+0.0104  t=-2.795  p=0.04907  p_bonf=0.39256
    unique_10 vs real_only        Δ=+0.0174  t=-3.914  p=0.01734  p_bonf=0.13873
    unique_25 vs real_only        Δ=+0.0262  t=-4.858  p=0.00829  p_bonf=0.06631
    unique_100 vs real_only       Δ=+0.0235  t=-3.496  p=0.02499  p_bonf=0.19989
    unique_500 vs real_only       Δ=+0.0278  t=-4.367  p=0.01200  p_bonf=0.09597
tier_c/e10a_64_5seed/e10a_64_5seed.py:639: DeprecationWarning: datetime.datetime.utcnow() is deprecated and scheduled for removal in a future version. Use timezone-aware objects to represent datetimes in UTC: datetime.datetime.now(datetime.UTC).
  "timestamp": datetime.utcnow().isoformat() + "Z",

Saved results/paper4/e10a_64_5seed/e10a_64_5seed_results.json
Device: mps

Loading 64-cubed conditional data from data/brats_conditional_64.pt...
  Real subset (10%): 18 volumes  |  Test: 60 volumes

Loading 64-cubed teacher from results/paper4/paper4/e7_teacher/teacher_best.pt...
BasicUNet features: (32, 64, 128, 256, 32, 32).

[Step 1] Loading cached Shortcut@50 pool from syn_pool_shortcut_50_64.pt
  500 volumes, feat shape (500, 4096)

[Step 2] Building diversity conditions from feature centrality...
  unique_500: 500 total, 500 unique, L1 div = 0.0377
  unique_100: 500 total, 100 unique, L1 div = 0.0357
  unique_25: 500 total, 25 unique, L1 div = 0.0329
  unique_10: 500 total, 10 unique, L1 div = 0.0356

[Step 3] Resuming from e10a_64_5seed_results_partial.json

========================================
  UNIQUE_500
========================================
    Pseudo-labelling 500 synthetic volumes...
  Seed 42: already done (Dice 0.7920), skipping
  Seed 43: already done (Dice 0.7899), skipping
  Seed 44: already done (Dice 0.7901), skipping
  Seed 45: already done (Dice 0.7939), skipping
  Seed 46: already done (Dice 0.7957), skipping
  Seed 47:
BasicUNet features: (32, 64, 128, 256, 32, 32).
tier_c/e10a_64_5seed/e10a_64_5seed.py:353: UserWarning: Converting a tensor with requires_grad=True to a scalar may lead to unexpected behavior.
Consider using tensor.detach() first. (Triggered internally at /Users/runner/work/pytorch/pytorch/torch/csrc/autograd/generated/python_variable_methods.cpp:839.)
  print(f"      iter {it:>5}/{max_iters} loss={float(loss):.4f} "
      iter     1/2000 loss=1.2705 (lr=3.27e-05, skipped_nan=0, 1s)
      iter   500/2000 loss=0.3500 (lr=2.68e-04, skipped_nan=0, 344s)
      iter  1000/2000 loss=0.2025 (lr=1.62e-04, skipped_nan=0, 699s)
      iter  1500/2000 loss=0.0963 (lr=4.84e-05, skipped_nan=0, 1064s)
      iter  2000/2000 loss=0.1376 (lr=0.00e+00, skipped_nan=0, 1430s)
      → Dice 0.7906  CI95=[0.7537, 0.8236]  (1436s = 0.40h) [ok]
    Checkpoint saved to e10a_64_5seed_results_partial.json
  Seed 48:
BasicUNet features: (32, 64, 128, 256, 32, 32).
      iter     1/2000 loss=1.5311 (lr=3.27e-05, skipped_nan=0, 1s)
      iter   500/2000 loss=0.4765 (lr=2.68e-04, skipped_nan=0, 368s)
      iter  1000/2000 loss=0.2242 (lr=1.62e-04, skipped_nan=0, 737s)
      iter  1500/2000 loss=0.1482 (lr=4.84e-05, skipped_nan=0, 1107s)
      iter  2000/2000 loss=0.0763 (lr=0.00e+00, skipped_nan=0, 1477s)
      → Dice 0.7995  CI95=[0.7673, 0.8312]  (1483s = 0.41h) [ok]
    Checkpoint saved to e10a_64_5seed_results_partial.json
  Seed 49:
BasicUNet features: (32, 64, 128, 256, 32, 32).
      iter     1/2000 loss=1.5899 (lr=3.27e-05, skipped_nan=0, 1s)
      iter   500/2000 loss=0.4873 (lr=2.68e-04, skipped_nan=0, 371s)
      iter  1000/2000 loss=0.4422 (lr=1.62e-04, skipped_nan=0, 742s)
      iter  1500/2000 loss=0.1185 (lr=4.84e-05, skipped_nan=0, 1112s)
      iter  2000/2000 loss=0.0811 (lr=0.00e+00, skipped_nan=0, 1483s)
      → Dice 0.7972  CI95=[0.7630, 0.8290]  (1490s = 0.41h) [ok]
    Checkpoint saved to e10a_64_5seed_results_partial.json
  → unique_500: 0.7936 ± 0.0036 (n = 8)

========================================
  UNIQUE_100
========================================
    Pseudo-labelling 500 synthetic volumes...
  Seed 42: already done (Dice 0.7898), skipping
  Seed 43: already done (Dice 0.7818), skipping
  Seed 44: already done (Dice 0.7875), skipping
  Seed 45: already done (Dice 0.7908), skipping
  Seed 46: already done (Dice 0.7897), skipping
  Seed 47:
BasicUNet features: (32, 64, 128, 256, 32, 32).
      iter     1/2000 loss=1.2885 (lr=3.27e-05, skipped_nan=0, 1s)
      iter   500/2000 loss=0.3350 (lr=2.68e-04, skipped_nan=0, 371s)
      iter  1000/2000 loss=0.1306 (lr=1.62e-04, skipped_nan=0, 742s)
      iter  1500/2000 loss=0.1550 (lr=4.84e-05, skipped_nan=0, 1113s)
      iter  2000/2000 loss=0.0925 (lr=0.00e+00, skipped_nan=0, 1485s)
      → Dice 0.7874  CI95=[0.7478, 0.8227]  (1492s = 0.41h) [ok]
    Checkpoint saved to e10a_64_5seed_results_partial.json
  Seed 48:
BasicUNet features: (32, 64, 128, 256, 32, 32).
      iter     1/2000 loss=1.5525 (lr=3.27e-05, skipped_nan=0, 1s)
      iter   500/2000 loss=0.4565 (lr=2.68e-04, skipped_nan=0, 372s)
      iter  1000/2000 loss=0.3275 (lr=1.62e-04, skipped_nan=0, 744s)
      iter  1500/2000 loss=0.0732 (lr=4.84e-05, skipped_nan=0, 1116s)
      iter  2000/2000 loss=0.0973 (lr=0.00e+00, skipped_nan=0, 1488s)
      → Dice 0.7953  CI95=[0.7574, 0.8287]  (1494s = 0.42h) [ok]
    Checkpoint saved to e10a_64_5seed_results_partial.json
  Seed 49:
BasicUNet features: (32, 64, 128, 256, 32, 32).
      iter     1/2000 loss=1.5884 (lr=3.27e-05, skipped_nan=0, 1s)
      iter   500/2000 loss=0.4861 (lr=2.68e-04, skipped_nan=0, 372s)
      iter  1000/2000 loss=0.2093 (lr=1.62e-04, skipped_nan=0, 745s)
      iter  1500/2000 loss=0.0619 (lr=4.84e-05, skipped_nan=0, 1115s)
      iter  2000/2000 loss=0.0777 (lr=0.00e+00, skipped_nan=0, 1483s)
      → Dice 0.7946  CI95=[0.7576, 0.8279]  (1490s = 0.41h) [ok]
    Checkpoint saved to e10a_64_5seed_results_partial.json
  → unique_100: 0.7896 ± 0.0043 (n = 8)

========================================
  UNIQUE_25
========================================
    Pseudo-labelling 500 synthetic volumes...
  Seed 42: already done (Dice 0.7951), skipping
  Seed 43: already done (Dice 0.7846), skipping
  Seed 44: already done (Dice 0.7912), skipping
  Seed 45: already done (Dice 0.7880), skipping
  Seed 46: already done (Dice 0.7945), skipping
  Seed 47:
BasicUNet features: (32, 64, 128, 256, 32, 32).
      iter     1/2000 loss=1.2775 (lr=3.27e-05, skipped_nan=0, 1s)
      iter   500/2000 loss=0.3468 (lr=2.68e-04, skipped_nan=0, 369s)
      iter  1000/2000 loss=0.1688 (lr=1.62e-04, skipped_nan=0, 737s)
      iter  1500/2000 loss=0.0659 (lr=4.84e-05, skipped_nan=0, 1105s)
      iter  2000/2000 loss=0.1188 (lr=0.00e+00, skipped_nan=0, 1474s)
      → Dice 0.7910  CI95=[0.7584, 0.8231]  (1480s = 0.41h) [ok]
    Checkpoint saved to e10a_64_5seed_results_partial.json
  Seed 48:
BasicUNet features: (32, 64, 128, 256, 32, 32).
      iter     1/2000 loss=1.5564 (lr=3.27e-05, skipped_nan=0, 1s)
      iter   500/2000 loss=0.4788 (lr=2.68e-04, skipped_nan=0, 369s)
      iter  1000/2000 loss=0.1726 (lr=1.62e-04, skipped_nan=0, 739s)
      iter  1500/2000 loss=0.1315 (lr=4.84e-05, skipped_nan=0, 1109s)
      iter  2000/2000 loss=0.0613 (lr=0.00e+00, skipped_nan=0, 1478s)
      → Dice 0.7944  CI95=[0.7625, 0.8257]  (1484s = 0.41h) [ok]
    Checkpoint saved to e10a_64_5seed_results_partial.json
  Seed 49:
BasicUNet features: (32, 64, 128, 256, 32, 32).
      iter     1/2000 loss=1.5956 (lr=3.27e-05, skipped_nan=0, 1s)
      iter   500/2000 loss=0.4514 (lr=2.68e-04, skipped_nan=0, 370s)
      iter  1000/2000 loss=0.1055 (lr=1.62e-04, skipped_nan=0, 740s)
      iter  1500/2000 loss=0.1182 (lr=4.84e-05, skipped_nan=0, 1110s)
      iter  2000/2000 loss=0.1104 (lr=0.00e+00, skipped_nan=0, 1479s)
      → Dice 0.7876  CI95=[0.7473, 0.8233]  (1485s = 0.41h) [ok]
    Checkpoint saved to e10a_64_5seed_results_partial.json
  → unique_25: 0.7908 ± 0.0038 (n = 8)

========================================
  UNIQUE_10
========================================
    Pseudo-labelling 500 synthetic volumes...
  Seed 42: already done (Dice 0.7891), skipping
  Seed 43: already done (Dice 0.7726), skipping
  Seed 44: already done (Dice 0.7830), skipping
  Seed 45: already done (Dice 0.7727), skipping
  Seed 46: already done (Dice 0.7921), skipping
  Seed 47:
BasicUNet features: (32, 64, 128, 256, 32, 32).
      iter     1/2000 loss=1.2825 (lr=3.27e-05, skipped_nan=0, 1s)
      iter   500/2000 loss=0.4014 (lr=2.68e-04, skipped_nan=0, 371s)
      iter  1000/2000 loss=0.1098 (lr=1.62e-04, skipped_nan=0, 741s)
      iter  1500/2000 loss=0.0517 (lr=4.84e-05, skipped_nan=0, 1111s)
      iter  2000/2000 loss=0.0457 (lr=0.00e+00, skipped_nan=0, 1482s)
      → Dice 0.7796  CI95=[0.7380, 0.8182]  (1488s = 0.41h) [ok]
    Checkpoint saved to e10a_64_5seed_results_partial.json
  Seed 48:
BasicUNet features: (32, 64, 128, 256, 32, 32).
      iter     1/2000 loss=1.5254 (lr=3.27e-05, skipped_nan=0, 1s)
      iter   500/2000 loss=0.5193 (lr=2.68e-04, skipped_nan=0, 371s)
      iter  1000/2000 loss=0.2182 (lr=1.62e-04, skipped_nan=0, 740s)
      iter  1500/2000 loss=0.0679 (lr=4.84e-05, skipped_nan=0, 1110s)
      iter  2000/2000 loss=0.0994 (lr=0.00e+00, skipped_nan=0, 1505s)
      → Dice 0.7944  CI95=[0.7602, 0.8285]  (1512s = 0.42h) [ok]
    Checkpoint saved to e10a_64_5seed_results_partial.json
  Seed 49:
BasicUNet features: (32, 64, 128, 256, 32, 32).
      iter     1/2000 loss=1.5964 (lr=3.27e-05, skipped_nan=0, 1s)
      iter   500/2000 loss=0.3847 (lr=2.68e-04, skipped_nan=0, 394s)
      iter  1000/2000 loss=0.2690 (lr=1.62e-04, skipped_nan=0, 787s)
      iter  1500/2000 loss=0.1472 (lr=4.84e-05, skipped_nan=0, 1180s)
      iter  2000/2000 loss=0.1502 (lr=0.00e+00, skipped_nan=0, 1573s)
      → Dice 0.7910  CI95=[0.7574, 0.8242]  (1580s = 0.44h) [ok]
    Checkpoint saved to e10a_64_5seed_results_partial.json
  → unique_10: 0.7843 ± 0.0087 (n = 8)

========================================
  REAL_ONLY
========================================
  Seed 42: already done (Dice 0.7715), skipping
  Seed 43: already done (Dice 0.7677), skipping
  Seed 44: already done (Dice 0.7703), skipping
  Seed 45: already done (Dice 0.7407), skipping
  Seed 46: already done (Dice 0.7723), skipping
  Seed 47:
BasicUNet features: (32, 64, 128, 256, 32, 32).
      iter     1/2000 loss=1.2649 (lr=3.27e-05, skipped_nan=0, 1s)
      iter   500/2000 loss=0.3363 (lr=2.68e-04, skipped_nan=0, 388s)
      iter  1000/2000 loss=0.1162 (lr=1.62e-04, skipped_nan=0, 775s)
      iter  1500/2000 loss=0.0858 (lr=4.84e-05, skipped_nan=0, 1162s)
      iter  2000/2000 loss=0.0698 (lr=0.00e+00, skipped_nan=0, 1550s)
      → Dice 0.7571  CI95=[0.7054, 0.8069]  (1556s = 0.43h) [ok]
    Checkpoint saved to e10a_64_5seed_results_partial.json
  Seed 48:
BasicUNet features: (32, 64, 128, 256, 32, 32).
      iter     1/2000 loss=1.5289 (lr=3.27e-05, skipped_nan=0, 1s)
      iter   500/2000 loss=0.4834 (lr=2.68e-04, skipped_nan=0, 388s)
      iter  1000/2000 loss=0.3016 (lr=1.62e-04, skipped_nan=0, 775s)
      iter  1500/2000 loss=0.1165 (lr=4.84e-05, skipped_nan=0, 1160s)
      iter  2000/2000 loss=0.1058 (lr=0.00e+00, skipped_nan=0, 1544s)
      → Dice 0.7881  CI95=[0.7542, 0.8222]  (1551s = 0.43h) [ok]
    Checkpoint saved to e10a_64_5seed_results_partial.json
  Seed 49:
BasicUNet features: (32, 64, 128, 256, 32, 32).
      iter     1/2000 loss=1.5863 (lr=3.27e-05, skipped_nan=0, 1s)
      iter   500/2000 loss=0.4644 (lr=2.68e-04, skipped_nan=0, 383s)
      iter  1000/2000 loss=0.1231 (lr=1.62e-04, skipped_nan=0, 766s)
      iter  1500/2000 loss=0.1136 (lr=4.84e-05, skipped_nan=0, 1149s)
      iter  2000/2000 loss=0.1564 (lr=0.00e+00, skipped_nan=0, 1530s)
      → Dice 0.7763  CI95=[0.7375, 0.8118]  (1537s = 0.43h) [ok]
    Checkpoint saved to e10a_64_5seed_results_partial.json
  → real_only: 0.7680 ± 0.0140 (n = 8)

========================================
  E10a 64³ dose-response (n = 8 seeds) — summary
========================================
  condition      n_unique       Dice      ± std    n
  --------------------------------------------------
  real_only             0     0.7680     0.0140    8
  unique_500          500     0.7936     0.0036    8
  unique_100          100     0.7896     0.0043    8
  unique_25            25     0.7908     0.0038    8
  unique_10            10     0.7843     0.0087    8

Paired-t tests (uncorrected p; * Bonferroni-significant at α=0.05, k = 8)
    unique_25 vs unique_10        Δ=+0.0065  t=-2.855  p=0.02451  p_bonf=0.19610
    unique_100 vs unique_25       Δ=-0.0012  t=+0.774  p=0.46431  p_bonf=1.00000
   *unique_500 vs unique_100      Δ=+0.0040  t=-5.515  p=0.00089  p_bonf=0.00714
   *unique_500 vs unique_10 (extremes)  Δ=+0.0093  t=-3.939  p=0.00561  p_bonf=0.04489
   *unique_10 vs real_only        Δ=+0.0163  t=-5.241  p=0.00120  p_bonf=0.00958
   *unique_25 vs real_only        Δ=+0.0228  t=-5.007  p=0.00155  p_bonf=0.01242
   *unique_100 vs real_only       Δ=+0.0216  t=-4.654  p=0.00233  p_bonf=0.01865
   *unique_500 vs real_only       Δ=+0.0256  t=-5.731  p=0.00071  p_bonf=0.00570
tier_c/e10a_64_5seed/e10a_64_5seed.py:641: DeprecationWarning: datetime.datetime.utcnow() is deprecated and scheduled for removal in a future version. Use timezone-aware objects to represent datetimes in UTC: datetime.datetime.now(datetime.UTC).
  "timestamp": datetime.utcnow().isoformat() + "Z",

Saved results/paper4/e10a_64_5seed/e10a_64_5seed_results.json
