Device: mps
Results dir: results/paper3/brats_benchmark_20260221_193306/100pct_300vol
Seeds: [42, 123, 456, 789, 1337]
Loaded 300 real volumes
Extracting real features...
  Real feature shape (raw): (300, 4096)
  PCA: 4096 -> 128 (explained variance: 0.892)

==================================================
  fm@10
==================================================
    Seed 42: P=1.000 R=0.007 D=2.615 C=0.923
    Seed 123: P=1.000 R=0.003 D=2.785 C=0.977
    Seed 456: P=0.984 R=0.010 D=3.175 C=0.980
    Seed 789: P=0.984 R=0.010 D=2.895 C=0.917
    Seed 1337: P=0.984 R=0.003 D=3.108 C=0.990
  → P=0.991±0.008 R=0.007±0.003 D=2.916±0.206 C=0.957±0.031

==================================================
  fm@25
==================================================
    Seed 42: P=1.000 R=0.010 D=2.310 C=0.910
    Seed 123: P=0.969 R=0.003 D=2.464 C=0.963
    Seed 456: P=0.984 R=0.010 D=2.825 C=0.980
    Seed 789: P=0.969 R=0.010 D=2.544 C=0.917
    Seed 1337: P=0.984 R=0.003 D=2.735 C=0.990
  → P=0.981±0.012 R=0.007±0.003 D=2.576±0.185 C=0.952±0.033

==================================================
  fm@50
==================================================
    Seed 42: P=1.000 R=0.010 D=2.193 C=0.910
    Seed 123: P=0.969 R=0.003 D=2.359 C=0.960
    Seed 456: P=0.984 R=0.010 D=2.709 C=0.977
    Seed 789: P=0.969 R=0.010 D=2.427 C=0.910
    Seed 1337: P=0.984 R=0.003 D=2.607 C=0.990
  → P=0.981±0.012 R=0.007±0.003 D=2.459±0.182 C=0.949±0.033

==================================================
  rectified@5
==================================================
    Seed 42: P=1.000 R=0.000 D=2.804 C=0.937
    Seed 123: P=1.000 R=0.000 D=3.075 C=0.977
    Seed 456: P=0.969 R=0.000 D=3.244 C=0.973
    Seed 789: P=0.969 R=0.003 D=3.201 C=0.930
    Seed 1337: P=1.000 R=0.003 D=3.382 C=0.990
  → P=0.988±0.015 R=0.001±0.002 D=3.141±0.195 C=0.961±0.024

==================================================
  rectified@10
==================================================
    Seed 42: P=1.000 R=0.000 D=2.764 C=0.937
    Seed 123: P=1.000 R=0.000 D=3.047 C=0.977
    Seed 456: P=0.984 R=0.000 D=3.217 C=0.973
    Seed 789: P=0.969 R=0.003 D=3.172 C=0.927
    Seed 1337: P=1.000 R=0.007 D=3.369 C=0.990
  → P=0.991±0.012 R=0.002±0.003 D=3.114±0.203 C=0.961±0.025

==================================================
  rectified@25
==================================================
    Seed 42: P=1.000 R=0.000 D=2.733 C=0.937
    Seed 123: P=1.000 R=0.000 D=3.029 C=0.977
    Seed 456: P=1.000 R=0.000 D=3.207 C=0.973
    Seed 789: P=0.969 R=0.003 D=3.151 C=0.927
    Seed 1337: P=1.000 R=0.007 D=3.344 C=0.990
  → P=0.994±0.012 R=0.002±0.003 D=3.093±0.206 C=0.961±0.025

==================================================
  consistency@1
==================================================
    Seed 42: P=1.000 R=0.000 D=6.657 C=0.707
    Seed 123: P=1.000 R=0.000 D=6.679 C=0.683
    Seed 456: P=1.000 R=0.000 D=6.634 C=0.660
    Seed 789: P=1.000 R=0.000 D=6.583 C=0.690
    Seed 1337: P=1.000 R=0.000 D=6.647 C=0.720
  → P=1.000±0.000 R=0.000±0.000 D=6.640±0.032 C=0.692±0.021

==================================================
  consistency@4
==================================================
    Seed 42: P=1.000 R=0.000 D=6.893 C=0.607
    Seed 123: P=1.000 R=0.000 D=6.847 C=0.613
    Seed 456: P=1.000 R=0.000 D=6.853 C=0.607
    Seed 789: P=1.000 R=0.000 D=6.805 C=0.597
    Seed 1337: P=1.000 R=0.000 D=6.873 C=0.600
  → P=1.000±0.000 R=0.000±0.000 D=6.854±0.029 C=0.605±0.006

==================================================
  consistency@16
==================================================
    Seed 42: P=1.000 R=0.000 D=5.850 C=0.523
    Seed 123: P=1.000 R=0.000 D=5.797 C=0.517
    Seed 456: P=1.000 R=0.000 D=5.844 C=0.537
    Seed 789: P=1.000 R=0.000 D=5.849 C=0.530
    Seed 1337: P=1.000 R=0.000 D=5.823 C=0.520
  → P=1.000±0.000 R=0.000±0.000 D=5.832±0.020 C=0.525±0.007

==================================================
  consistency@50
==================================================
    Seed 42: P=1.000 R=0.000 D=5.597 C=0.467
    Seed 123: P=1.000 R=0.000 D=5.602 C=0.467
    Seed 456: P=1.000 R=0.000 D=5.583 C=0.467
    Seed 789: P=1.000 R=0.000 D=5.580 C=0.463
    Seed 1337: P=1.000 R=0.000 D=5.600 C=0.467
  → P=1.000±0.000 R=0.000±0.000 D=5.593±0.009 C=0.466±0.001

==================================================
  shortcut@1
==================================================
    Seed 42: P=1.000 R=0.000 D=4.950 C=0.817
    Seed 123: P=1.000 R=0.000 D=4.741 C=0.810
    Seed 456: P=1.000 R=0.000 D=4.937 C=0.800
    Seed 789: P=1.000 R=0.000 D=4.818 C=0.793
    Seed 1337: P=1.000 R=0.000 D=5.026 C=0.863
  → P=1.000±0.000 R=0.000±0.000 D=4.895±0.102 C=0.817±0.025

==================================================
  shortcut@4
==================================================
    Seed 42: P=1.000 R=0.000 D=3.387 C=0.963
    Seed 123: P=0.922 R=0.000 D=3.184 C=0.987
    Seed 456: P=0.984 R=0.007 D=3.657 C=0.957
    Seed 789: P=0.969 R=0.000 D=3.466 C=0.947
    Seed 1337: P=0.969 R=0.000 D=3.486 C=0.990
  → P=0.969±0.026 R=0.001±0.003 D=3.436±0.154 C=0.969±0.017

==================================================
  shortcut@16
==================================================
    Seed 42: P=1.000 R=0.007 D=2.678 C=0.960
    Seed 123: P=0.938 R=0.000 D=2.594 C=0.977
    Seed 456: P=0.984 R=0.007 D=2.928 C=0.977
    Seed 789: P=0.984 R=0.003 D=2.769 C=0.940
    Seed 1337: P=0.984 R=0.007 D=2.765 C=0.997
  → P=0.978±0.021 R=0.005±0.003 D=2.747±0.111 C=0.970±0.019

==================================================
  shortcut@50
==================================================
    Seed 42: P=1.000 R=0.007 D=2.485 C=0.960
    Seed 123: P=0.953 R=0.000 D=2.413 C=0.970
    Seed 456: P=1.000 R=0.007 D=2.731 C=0.973
    Seed 789: P=0.984 R=0.003 D=2.567 C=0.943
    Seed 1337: P=0.984 R=0.007 D=2.530 C=0.987
  → P=0.984±0.017 R=0.005±0.003 D=2.545±0.106 C=0.967±0.014

==================================================
  shortcut@128
==================================================
    Seed 42: P=1.000 R=0.007 D=2.433 C=0.960
    Seed 123: P=0.922 R=0.000 D=2.363 C=0.967
    Seed 456: P=1.000 R=0.007 D=2.675 C=0.973
    Seed 789: P=0.984 R=0.003 D=2.512 C=0.943
    Seed 1337: P=0.969 R=0.007 D=2.479 C=0.987
  → P=0.975±0.029 R=0.005±0.003 D=2.492±0.104 C=0.966±0.014

==================================================
  ddpm@1000
==================================================
    Seed 42: P=1.000 R=0.000 D=2.881 C=0.993
    Seed 123: P=0.969 R=0.000 D=2.950 C=0.970
    Seed 456: P=0.969 R=0.000 D=2.998 C=0.980
    Seed 789: P=1.000 R=0.000 D=2.695 C=0.993
    Seed 1337: P=1.000 R=0.000 D=3.096 C=0.977
  → P=0.988±0.015 R=0.000±0.000 D=2.924±0.134 C=0.983±0.009

============================================================
  All results saved to results/paper3/brats_benchmark_20260221_193306/100pct_300vol/precision_recall_pca128/
============================================================
