Device: mps
Results dir: results/paper3/ixi_benchmark_20260221_045741/100pct_200vol
Seeds: [42, 123, 456, 789, 1337]
Loaded 200 real volumes
Extracting real features...
  Real feature shape (raw): (200, 4096)
  PCA: 4096 -> 128 (explained variance: 0.958)

==================================================
  fm@10
==================================================
    Seed 42: P=0.969 R=0.360 D=1.214 C=0.980
    Seed 123: P=0.922 R=0.305 D=1.192 C=0.990
    Seed 456: P=0.906 R=0.260 D=1.231 C=0.990
    Seed 789: P=0.859 R=0.270 D=1.198 C=0.990
    Seed 1337: P=0.938 R=0.260 D=1.247 C=0.990
  → P=0.919±0.036 R=0.291±0.038 D=1.216±0.020 C=0.988±0.004

==================================================
  fm@25
==================================================
    Seed 42: P=0.984 R=0.410 D=1.163 C=0.985
    Seed 123: P=0.938 R=0.320 D=1.161 C=0.985
    Seed 456: P=0.922 R=0.280 D=1.201 C=0.990
    Seed 789: P=0.891 R=0.285 D=1.157 C=0.990
    Seed 1337: P=0.922 R=0.280 D=1.200 C=0.990
  → P=0.931±0.031 R=0.315±0.050 D=1.176±0.020 C=0.988±0.002

==================================================
  fm@50
==================================================
    Seed 42: P=0.969 R=0.430 D=1.153 C=0.985
    Seed 123: P=0.938 R=0.330 D=1.148 C=0.985
    Seed 456: P=0.922 R=0.285 D=1.192 C=0.990
    Seed 789: P=0.922 R=0.285 D=1.137 C=0.990
    Seed 1337: P=0.906 R=0.295 D=1.190 C=0.995
  → P=0.931±0.021 R=0.325±0.055 D=1.164±0.023 C=0.989±0.004

==================================================
  rectified@5
==================================================
    Seed 42: P=0.938 R=0.250 D=1.304 C=0.985
    Seed 123: P=0.906 R=0.170 D=1.260 C=0.985
    Seed 456: P=0.906 R=0.180 D=1.389 C=0.985
    Seed 789: P=0.875 R=0.225 D=1.266 C=0.995
    Seed 1337: P=0.891 R=0.175 D=1.374 C=0.985
  → P=0.903±0.021 R=0.200±0.032 D=1.319±0.054 C=0.987±0.004

==================================================
  rectified@10
==================================================
    Seed 42: P=0.938 R=0.270 D=1.289 C=0.985
    Seed 123: P=0.906 R=0.185 D=1.253 C=0.990
    Seed 456: P=0.891 R=0.180 D=1.376 C=0.985
    Seed 789: P=0.891 R=0.235 D=1.253 C=0.995
    Seed 1337: P=0.891 R=0.190 D=1.369 C=0.985
  → P=0.903±0.018 R=0.212±0.035 D=1.308±0.054 C=0.988±0.004

==================================================
  rectified@25
==================================================
    Seed 42: P=0.953 R=0.265 D=1.285 C=0.985
    Seed 123: P=0.891 R=0.195 D=1.245 C=0.990
    Seed 456: P=0.891 R=0.170 D=1.370 C=0.985
    Seed 789: P=0.891 R=0.255 D=1.252 C=0.995
    Seed 1337: P=0.906 R=0.190 D=1.367 C=0.985
  → P=0.906±0.024 R=0.215±0.038 D=1.304±0.055 C=0.988±0.004

==================================================
  consistency@1
==================================================
    Seed 42: P=0.703 R=0.000 D=2.536 C=0.345
    Seed 123: P=0.484 R=0.000 D=2.461 C=0.335
    Seed 456: P=0.594 R=0.000 D=2.454 C=0.340
    Seed 789: P=0.516 R=0.000 D=2.450 C=0.315
    Seed 1337: P=0.547 R=0.000 D=2.488 C=0.315
  → P=0.569±0.076 R=0.000±0.000 D=2.478±0.032 C=0.330±0.013

==================================================
  consistency@4
==================================================
    Seed 42: P=0.859 R=0.000 D=1.767 C=0.300
    Seed 123: P=0.938 R=0.000 D=1.745 C=0.280
    Seed 456: P=0.969 R=0.000 D=1.780 C=0.295
    Seed 789: P=0.875 R=0.000 D=1.745 C=0.290
    Seed 1337: P=0.906 R=0.000 D=1.774 C=0.320
  → P=0.909±0.040 R=0.000±0.000 D=1.762±0.015 C=0.297±0.013

==================================================
  consistency@16
==================================================
    Seed 42: P=1.000 R=0.000 D=1.632 C=0.265
    Seed 123: P=1.000 R=0.000 D=1.598 C=0.270
    Seed 456: P=1.000 R=0.000 D=1.574 C=0.260
    Seed 789: P=0.984 R=0.000 D=1.595 C=0.260
    Seed 1337: P=1.000 R=0.000 D=1.585 C=0.230
  → P=0.997±0.006 R=0.000±0.000 D=1.597±0.020 C=0.257±0.014

==================================================
  consistency@50
==================================================
    Seed 42: P=1.000 R=0.000 D=1.439 C=0.220
    Seed 123: P=1.000 R=0.000 D=1.418 C=0.210
    Seed 456: P=1.000 R=0.000 D=1.419 C=0.210
    Seed 789: P=1.000 R=0.000 D=1.395 C=0.210
    Seed 1337: P=1.000 R=0.000 D=1.398 C=0.210
  → P=1.000±0.000 R=0.000±0.000 D=1.414±0.016 C=0.212±0.004

==================================================
  shortcut@1
==================================================
    Seed 42: P=0.812 R=0.045 D=1.676 C=0.940
    Seed 123: P=0.828 R=0.035 D=1.599 C=0.965
    Seed 456: P=0.734 R=0.015 D=1.661 C=0.905
    Seed 789: P=0.734 R=0.040 D=1.629 C=0.895
    Seed 1337: P=0.797 R=0.055 D=1.682 C=0.965
  → P=0.781±0.040 R=0.038±0.013 D=1.649±0.031 C=0.934±0.029

==================================================
  shortcut@4
==================================================
    Seed 42: P=0.844 R=0.230 D=1.337 C=0.955
    Seed 123: P=0.828 R=0.170 D=1.304 C=0.990
    Seed 456: P=0.859 R=0.220 D=1.344 C=0.975
    Seed 789: P=0.812 R=0.195 D=1.341 C=0.965
    Seed 1337: P=0.828 R=0.225 D=1.343 C=0.985
  → P=0.834±0.016 R=0.208±0.022 D=1.334±0.015 C=0.974±0.013

==================================================
  shortcut@16
==================================================
    Seed 42: P=0.844 R=0.310 D=1.278 C=0.965
    Seed 123: P=0.906 R=0.250 D=1.183 C=0.965
    Seed 456: P=0.922 R=0.270 D=1.286 C=0.990
    Seed 789: P=0.859 R=0.300 D=1.240 C=0.985
    Seed 1337: P=0.891 R=0.325 D=1.257 C=1.000
  → P=0.884±0.029 R=0.291±0.027 D=1.249±0.037 C=0.981±0.014

==================================================
  shortcut@50
==================================================
    Seed 42: P=0.828 R=0.335 D=1.254 C=0.965
    Seed 123: P=0.906 R=0.250 D=1.161 C=0.970
    Seed 456: P=0.922 R=0.285 D=1.249 C=0.990
    Seed 789: P=0.859 R=0.310 D=1.211 C=0.985
    Seed 1337: P=0.875 R=0.340 D=1.238 C=1.000
  → P=0.878±0.033 R=0.304±0.033 D=1.223±0.034 C=0.982±0.013

==================================================
  shortcut@128
==================================================
    Seed 42: P=0.828 R=0.340 D=1.247 C=0.965
    Seed 123: P=0.906 R=0.250 D=1.160 C=0.975
    Seed 456: P=0.922 R=0.280 D=1.239 C=0.990
    Seed 789: P=0.859 R=0.310 D=1.200 C=0.985
    Seed 1337: P=0.875 R=0.350 D=1.231 C=1.000
  → P=0.878±0.033 R=0.306±0.037 D=1.215±0.032 C=0.983±0.012

==================================================
  ddpm@1000
==================================================
    Seed 42: P=0.906 R=0.260 D=1.236 C=0.975
    Seed 123: P=0.875 R=0.280 D=1.243 C=0.990
    Seed 456: P=0.828 R=0.310 D=1.293 C=0.940
    Seed 789: P=0.906 R=0.305 D=1.254 C=0.980
    Seed 1337: P=0.969 R=0.320 D=1.203 C=0.965
  → P=0.897±0.046 R=0.295±0.022 D=1.246±0.029 C=0.970±0.017

============================================================
  All results saved to results/paper3/ixi_benchmark_20260221_045741/100pct_200vol/precision_recall_pca128/
============================================================
