set_seed(42) applied
Device: mps
Loaded 300 conditional volumes shape (300, 1, 128, 128, 128) with 2 classes: [150, 150] per class

============================================================
PHASE 3: Conditional Consistency Distillation at 128³ (60 epochs)
============================================================
  [  1/60] cond_cd=0.000908 N=4 | 63.3s
  [  5/60] cond_cd=0.000458 N=14 | 62.1s
  [ 10/60] cond_cd=0.000087 N=26 | 63.0s
  [ 15/60] cond_cd=0.000093 N=39 | 65.9s
  [ 20/60] cond_cd=0.000030 N=51 | 71.7s
  [ 25/60] cond_cd=0.000019 N=63 | 71.8s
  [ 30/60] cond_cd=0.000007 N=76 | 67.5s
  [ 35/60] cond_cd=0.000008 N=88 | 70.7s
  [ 40/60] cond_cd=0.000004 N=100 | 67.5s
  [ 45/60] cond_cd=0.000005 N=113 | 68.0s
  [ 50/60] cond_cd=0.000003 N=125 | 73.1s
  [ 55/60] cond_cd=0.000003 N=137 | 71.3s
  [ 60/60] cond_cd=0.000002 N=150 | 68.8s

Saved results/paper4/brats_128cubed_conditional/consistency/final.pt
